[backblue.gif]
[fade.gif]
[index.html]
[seantheme.com/color-admin-v2.2/frontend/index.html]
[seantheme.com/color-admin-v2.2/frontend/blog/assets/plugins/pace/pace.min.js]
[seantheme.com/color-admin-v2.2/frontend/blog/assets/img/cover.jpg]
[seantheme.com/color-admin-v2.2/frontend/blog/assets/img/post1.jpg]
[seantheme.com/color-admin-v2.2/frontend/blog/assets/img/post2.jpg]
[seantheme.com/color-admin-v2.2/frontend/blog/assets/img/post3.jpg]
[seantheme.com/color-admin-v2.2/frontend/blog/assets/img/post4.jpg]
[seantheme.com/color-admin-v2.2/frontend/blog/assets/plugins/jquery/jquery-1.9.1.min.js]
[seantheme.com/color-admin-v2.2/frontend/blog/assets/plugins/jquery/jquery-migrate-1.1.0.min.js]
[seantheme.com/color-admin-v2.2/frontend/blog/assets/plugins/bootstrap/js/bootstrap.min.js]
[seantheme.com/color-admin-v2.2/frontend/blog/assets/plugins/jquery-cookie/jquery.cookie.js]
[seantheme.com/color-admin-v2.2/frontend/blog/index.html]
[seantheme.com/color-admin-v2.2/frontend/blog/assets/js/apps.min.js]
[seantheme.com/color-admin-v2.2/frontend/e-commerce/assets/plugins/pace/pace.min.js]
[seantheme.com/color-admin-v2.2/frontend/e-commerce/assets/img/english.png]
[seantheme.com/color-admin-v2.2/frontend/e-commerce/assets/img/german.png]
[seantheme.com/color-admin-v2.2/frontend/e-commerce/assets/img/spanish.png]
[seantheme.com/color-admin-v2.2/frontend/e-commerce/assets/img/french.png]
[seantheme.com/color-admin-v2.2/frontend/e-commerce/assets/img/chinese.png]
[seantheme.com/color-admin-v2.2/frontend/e-commerce/assets/img/apple.png]
[seantheme.com/color-admin-v2.2/frontend/e-commerce/assets/img/samsung.png]
[seantheme.com/color-admin-v2.2/frontend/e-commerce/assets/img/htc.png]
[seantheme.com/color-admin-v2.2/frontend/e-commerce/assets/img/microsoft.png]
[seantheme.com/color-admin-v2.2/frontend/e-commerce/assets/img/nokia.png]
[seantheme.com/color-admin-v2.2/frontend/e-commerce/assets/img/blackberry.png]
[seantheme.com/color-admin-v2.2/frontend/e-commerce/assets/img/sony.png]
[seantheme.com/color-admin-v2.2/frontend/e-commerce/assets/img/ipad.jpg]
[seantheme.com/color-admin-v2.2/frontend/e-commerce/assets/img/imac.jpg]
[seantheme.com/color-admin-v2.2/frontend/e-commerce/assets/img/iphone.png]
[seantheme.com/color-admin-v2.2/frontend/e-commerce/assets/img/user-1.jpg]
[seantheme.com/color-admin-v2.2/frontend/e-commerce/assets/img/slider-1-cover.jpg]
[seantheme.com/color-admin-v2.2/frontend/e-commerce/assets/img/slider-1-product.png]
[seantheme.com/color-admin-v2.2/frontend/e-commerce/assets/img/slider-2-cover.jpg]
[seantheme.com/color-admin-v2.2/frontend/e-commerce/assets/img/slider-2-product.png]
[seantheme.com/color-admin-v2.2/frontend/e-commerce/assets/img/slider-3-cover.jpg]
[seantheme.com/color-admin-v2.2/frontend/e-commerce/assets/img/iphone-se.png]
[seantheme.com/color-admin-v2.2/frontend/e-commerce/assets/img/apple-watch-sm.png]
[seantheme.com/color-admin-v2.2/frontend/e-commerce/assets/img/mac-mini.png]
[seantheme.com/color-admin-v2.2/frontend/e-commerce/assets/img/mac-accessories.png]
[seantheme.com/color-admin-v2.2/frontend/e-commerce/assets/img/mac-pro.png]
[seantheme.com/color-admin-v2.2/frontend/e-commerce/assets/img/ipad-pro.png]
[seantheme.com/color-admin-v2.2/frontend/e-commerce/assets/img/imac.png]
[seantheme.com/color-admin-v2.2/frontend/e-commerce/assets/img/apple-watch.png]
[seantheme.com/color-admin-v2.2/frontend/e-commerce/assets/img/macbook-pro.png]
[seantheme.com/color-admin-v2.2/frontend/e-commerce/assets/img/apple-tv.png]
[seantheme.com/color-admin-v2.2/frontend/e-commerce/assets/img/samsung-s7-edge.jpg]
[seantheme.com/color-admin-v2.2/frontend/e-commerce/assets/img/samsung-note5.png]
[seantheme.com/color-admin-v2.2/frontend/e-commerce/assets/img/zenfone2.png]
[seantheme.com/color-admin-v2.2/frontend/e-commerce/assets/img/xperia-z.png]
[seantheme.com/color-admin-v2.2/frontend/e-commerce/assets/img/lumia-532.png]
[seantheme.com/color-admin-v2.2/frontend/e-commerce/assets/img/huawei-mediapad.jpg]
[seantheme.com/color-admin-v2.2/frontend/e-commerce/assets/img/galaxy-tab2.png]
[seantheme.com/color-admin-v2.2/frontend/e-commerce/assets/img/galaxy-taba.png]
[seantheme.com/color-admin-v2.2/frontend/e-commerce/assets/img/hp-spectrex2.png]
[seantheme.com/color-admin-v2.2/frontend/e-commerce/assets/img/xperia-z2.png]
[seantheme.com/color-admin-v2.2/frontend/e-commerce/assets/img/ipad-air.png]
[seantheme.com/color-admin-v2.2/frontend/e-commerce/assets/img/iphone-6s.jpg]
[seantheme.com/color-admin-v2.2/frontend/e-commerce/assets/img/galaxy-s6.jpg]
[seantheme.com/color-admin-v2.2/frontend/e-commerce/assets/img/ipad-pro.jpg]
[seantheme.com/color-admin-v2.2/frontend/e-commerce/assets/img/galaxy-note5.jpg]
[seantheme.com/color-admin-v2.2/frontend/e-commerce/assets/img/payment_method.png]
[seantheme.com/color-admin-v2.2/frontend/e-commerce/assets/plugins/jquery/jquery-1.9.1.min.js]
[seantheme.com/color-admin-v2.2/frontend/e-commerce/assets/plugins/jquery/jquery-migrate-1.1.0.min.js]
[seantheme.com/color-admin-v2.2/frontend/e-commerce/assets/plugins/bootstrap/js/bootstrap.min.js]
[seantheme.com/color-admin-v2.2/frontend/e-commerce/assets/plugins/jquery-cookie/jquery.cookie.js]
[seantheme.com/color-admin-v2.2/frontend/e-commerce/index.html]
[seantheme.com/color-admin-v2.2/frontend/e-commerce/assets/js/apps.min.js]
[seantheme.com/color-admin-v2.2/frontend/forum/assets/plugins/pace/pace.min.js]
[seantheme.com/color-admin-v2.2/frontend/forum/assets/img/cover.jpg]
[seantheme.com/color-admin-v2.2/frontend/forum/assets/img/icon-gold-note.png]
[seantheme.com/color-admin-v2.2/frontend/forum/assets/img/icon-cone.png]
[seantheme.com/color-admin-v2.2/frontend/forum/assets/img/icon-chat-bubble.png]
[seantheme.com/color-admin-v2.2/frontend/forum/assets/img/icon-discussion-grey.png]
[seantheme.com/color-admin-v2.2/frontend/forum/assets/img/user-1.jpg]
[seantheme.com/color-admin-v2.2/frontend/forum/assets/img/user-2.jpg]
[seantheme.com/color-admin-v2.2/frontend/forum/assets/img/user-3.jpg]
[seantheme.com/color-admin-v2.2/frontend/forum/assets/img/user-4.jpg]
[seantheme.com/color-admin-v2.2/frontend/forum/assets/img/user-5.jpg]
[seantheme.com/color-admin-v2.2/frontend/forum/assets/img/user-6.jpg]
[seantheme.com/color-admin-v2.2/frontend/forum/assets/img/user-7.jpg]
[seantheme.com/color-admin-v2.2/frontend/forum/assets/img/user-8.jpg]
[seantheme.com/color-admin-v2.2/frontend/forum/assets/img/user-9.jpg]
[seantheme.com/color-admin-v2.2/frontend/forum/assets/plugins/jquery/jquery-1.9.1.min.js]
[seantheme.com/color-admin-v2.2/frontend/forum/assets/plugins/jquery/jquery-migrate-1.1.0.min.js]
[seantheme.com/color-admin-v2.2/frontend/forum/assets/plugins/bootstrap/js/bootstrap.min.js]
[seantheme.com/color-admin-v2.2/frontend/forum/assets/plugins/jquery-cookie/jquery.cookie.js]
[seantheme.com/color-admin-v2.2/frontend/forum/index.html]
[seantheme.com/color-admin-v2.2/frontend/forum/assets/js/apps.min.js]
[seantheme.com/color-admin-v2.2/frontend/one-page-parallax/assets/plugins/pace/pace.min.js]
[seantheme.com/color-admin-v2.2/frontend/one-page-parallax/assets/img/home-bg.jpg]
[seantheme.com/color-admin-v2.2/frontend/one-page-parallax/assets/img/user-1.jpg]
[seantheme.com/color-admin-v2.2/frontend/one-page-parallax/assets/img/milestone-bg.jpg]
[seantheme.com/color-admin-v2.2/frontend/one-page-parallax/assets/img/user-2.jpg]
[seantheme.com/color-admin-v2.2/frontend/one-page-parallax/assets/img/user-3.jpg]
[seantheme.com/color-admin-v2.2/frontend/one-page-parallax/assets/img/quote-bg.jpg]
[seantheme.com/color-admin-v2.2/frontend/one-page-parallax/assets/img/action-bg.jpg]
[seantheme.com/color-admin-v2.2/frontend/one-page-parallax/assets/img/work-1.jpg]
[seantheme.com/color-admin-v2.2/frontend/one-page-parallax/assets/img/work-3.jpg]
[seantheme.com/color-admin-v2.2/frontend/one-page-parallax/assets/img/work-5.jpg]
[seantheme.com/color-admin-v2.2/frontend/one-page-parallax/assets/img/work-7.jpg]
[seantheme.com/color-admin-v2.2/frontend/one-page-parallax/assets/img/work-2.jpg]
[seantheme.com/color-admin-v2.2/frontend/one-page-parallax/assets/img/work-4.jpg]
[seantheme.com/color-admin-v2.2/frontend/one-page-parallax/assets/img/work-6.jpg]
[seantheme.com/color-admin-v2.2/frontend/one-page-parallax/assets/img/work-8.jpg]
[seantheme.com/color-admin-v2.2/frontend/one-page-parallax/assets/img/client-bg.jpg]
[seantheme.com/color-admin-v2.2/frontend/one-page-parallax/assets/plugins/jquery/jquery-1.9.1.min.js]
[seantheme.com/color-admin-v2.2/frontend/one-page-parallax/assets/plugins/jquery/jquery-migrate-1.1.0.min.js]
[seantheme.com/color-admin-v2.2/frontend/one-page-parallax/assets/plugins/bootstrap/js/bootstrap.min.js]
[seantheme.com/color-admin-v2.2/frontend/one-page-parallax/assets/plugins/jquery-cookie/jquery.cookie.js]
[seantheme.com/color-admin-v2.2/frontend/one-page-parallax/assets/plugins/scrollMonitor/scrollMonitor.js]
[seantheme.com/color-admin-v2.2/frontend/one-page-parallax/index.html]
[seantheme.com/color-admin-v2.2/frontend/one-page-parallax/assets/js/apps.min.js]
[seantheme.com/color-admin-v2.2/frontend/blog/assets/plugins/bootstrap/fonts/glyphicons-halflings-regular.eot]
[seantheme.com/color-admin-v2.2/frontend/blog/assets/plugins/bootstrap/fonts/glyphicons-halflings-regulard41d.eot]
[seantheme.com/color-admin-v2.2/frontend/blog/assets/plugins/bootstrap/fonts/glyphicons-halflings-regular.woff2]
[seantheme.com/color-admin-v2.2/frontend/blog/assets/plugins/bootstrap/fonts/glyphicons-halflings-regular.woff]
[seantheme.com/color-admin-v2.2/frontend/blog/assets/plugins/bootstrap/fonts/glyphicons-halflings-regular.ttf]
[seantheme.com/color-admin-v2.2/frontend/blog/assets/plugins/bootstrap/css/bootstrap.min.css]
[seantheme.com/color-admin-v2.2/frontend/blog/assets/plugins/font-awesome/fonts/fontawesome-webfont3e6e.eot]
[seantheme.com/color-admin-v2.2/frontend/blog/assets/plugins/font-awesome/fonts/fontawesome-webfontd41d.eot]
[seantheme.com/color-admin-v2.2/frontend/blog/assets/plugins/font-awesome/fonts/fontawesome-webfont3e6e.woff2]
[seantheme.com/color-admin-v2.2/frontend/blog/assets/plugins/font-awesome/fonts/fontawesome-webfont3e6e.woff]
[seantheme.com/color-admin-v2.2/frontend/blog/assets/plugins/font-awesome/fonts/fontawesome-webfont3e6e.ttf]
[seantheme.com/color-admin-v2.2/frontend/blog/assets/plugins/font-awesome/css/font-awesome.min.css]
[seantheme.com/color-admin-v2.2/frontend/blog/assets/css/animate.min.css]
[seantheme.com/color-admin-v2.2/frontend/blog/assets/img/transparent/black-0.4.png]
[seantheme.com/color-admin-v2.2/frontend/blog/assets/css/style.min.css]
[seantheme.com/color-admin-v2.2/frontend/blog/assets/css/style-responsive.min.css]
[seantheme.com/color-admin-v2.2/frontend/blog/assets/css/theme/default.css]
[seantheme.com/color-admin-v2.2/frontend/blog/index-2.html]
[seantheme.com/color-admin-v2.2/frontend/blog/assets/img/cover2.jpg]
[seantheme.com/color-admin-v2.2/frontend/blog/index_transparent_header.html]
[seantheme.com/color-admin-v2.2/frontend/blog/assets/img/cover3.jpg]
[seantheme.com/color-admin-v2.2/frontend/blog/index_inverse_header.html]
[seantheme.com/color-admin-v2.2/frontend/blog/assets/plugins/masonry/masonry.min.js]
[seantheme.com/color-admin-v2.2/frontend/blog/post_grid.html]
[seantheme.com/color-admin-v2.2/frontend/blog/assets/img/post5.jpg]
[seantheme.com/color-admin-v2.2/frontend/blog/post_without_sidebar.html]
[seantheme.com/color-admin-v2.2/frontend/blog/about_me.html]
[seantheme.com/color-admin-v2.2/frontend/blog/contact_us.html]
[seantheme.com/color-admin-v2.2/frontend/blog/post_detail.html]
[seantheme.com/color-admin-v2.2/frontend/e-commerce/assets/plugins/bootstrap/css/bootstrap.min.css]
[seantheme.com/color-admin-v2.2/frontend/e-commerce/assets/plugins/font-awesome/css/font-awesome.min.css]
[seantheme.com/color-admin-v2.2/frontend/e-commerce/assets/css/style.min.css]
[seantheme.com/color-admin-v2.2/frontend/e-commerce/assets/css/style-responsive.min.css]
[seantheme.com/color-admin-v2.2/frontend/e-commerce/assets/css/theme/default.css]
[seantheme.com/color-admin-v2.2/frontend/e-commerce/assets/css/animate.min.css]
[seantheme.com/color-admin-v2.2/frontend/e-commerce/index-2.html]
[seantheme.com/color-admin-v2.2/frontend/e-commerce/product.html]
[seantheme.com/color-admin-v2.2/frontend/e-commerce/product_detail.html]
[seantheme.com/color-admin-v2.2/frontend/e-commerce/index_fixed_header.html]
[seantheme.com/color-admin-v2.2/frontend/e-commerce/index_inverse_header.html]
[seantheme.com/color-admin-v2.2/frontend/e-commerce/search_results.html]
[seantheme.com/color-admin-v2.2/frontend/e-commerce/checkout_cart.html]
[seantheme.com/color-admin-v2.2/frontend/e-commerce/checkout_info.html]
[seantheme.com/color-admin-v2.2/frontend/e-commerce/checkout_payment.html]
[seantheme.com/color-admin-v2.2/frontend/e-commerce/checkout_complete.html]
[seantheme.com/color-admin-v2.2/frontend/e-commerce/my_account.html]
[seantheme.com/color-admin-v2.2/frontend/e-commerce/contact_us.html]
[seantheme.com/color-admin-v2.2/frontend/e-commerce/about_us.html]
[seantheme.com/color-admin-v2.2/frontend/e-commerce/faq.html]
[seantheme.com/color-admin-v2.2/frontend/forum/assets/plugins/bootstrap/css/bootstrap.min.css]
[seantheme.com/color-admin-v2.2/frontend/forum/assets/plugins/font-awesome/css/font-awesome.min.css]
[seantheme.com/color-admin-v2.2/frontend/forum/assets/css/animate.min.css]
[seantheme.com/color-admin-v2.2/frontend/forum/assets/css/style.min.css]
[seantheme.com/color-admin-v2.2/frontend/forum/assets/css/style-responsive.min.css]
[seantheme.com/color-admin-v2.2/frontend/forum/assets/css/theme/default.css]
[seantheme.com/color-admin-v2.2/frontend/forum/index-2.html]
[seantheme.com/color-admin-v2.2/frontend/forum/category_list.html]
[seantheme.com/color-admin-v2.2/frontend/one-page-parallax/assets/plugins/bootstrap/css/bootstrap.min.css]
[seantheme.com/color-admin-v2.2/frontend/one-page-parallax/assets/plugins/font-awesome/css/font-awesome.min.css]
[seantheme.com/color-admin-v2.2/frontend/one-page-parallax/assets/css/animate.min.css]
[seantheme.com/color-admin-v2.2/frontend/one-page-parallax/assets/css/style.min.css]
[seantheme.com/color-admin-v2.2/frontend/one-page-parallax/assets/css/style-responsive.min.css]
[seantheme.com/color-admin-v2.2/frontend/one-page-parallax/assets/css/theme/default.css]
[seantheme.com/color-admin-v2.2/frontend/one-page-parallax/index-2.html]
[seantheme.com/color-admin-v2.2/frontend/one-page-parallax/index_inverse_header.html]
[seantheme.com/color-admin-v2.2/frontend/one-page-parallax/index_default_header.html]
[seantheme.com/color-admin-v2.2/frontend/one-page-parallax/extra_element.html]
[seantheme.com/color-admin-v2.2/frontend/blog/assets/plugins/bootstrap/fonts/glyphicons-halflings-regular.svg]
[seantheme.com/color-admin-v2.2/frontend/blog/assets/plugins/font-awesome/fonts/fontawesome-webfont3e6e.svg]
[seantheme.com/color-admin-v2.2/frontend/one-page-parallax/assets/img/client-bg.jpg]
[seantheme.com/color-admin-v2.2/frontend/blog/assets/img/cover3.jpg]
[seantheme.com/color-admin-v2.2/frontend/blog/assets/img/post5.jpg]
[seantheme.com/color-admin-v2.2/frontend/blog/assets/img/post6.jpg]
[seantheme.com/color-admin-v2.2/frontend/blog/assets/img/post7.jpg]
[seantheme.com/color-admin-v2.2/frontend/blog/assets/img/post8.jpg]
[seantheme.com/color-admin-v2.2/frontend/blog/assets/img/post9.jpg]
[seantheme.com/color-admin-v2.2/frontend/blog/assets/img/post10.jpg]
[seantheme.com/color-admin-v2.2/frontend/blog/assets/img/cover4.jpg]
[seantheme.com/color-admin-v2.2/frontend/blog/assets/img/about-me.jpg]
[seantheme.com/color-admin-v2.2/frontend/blog/assets/img/cover5.jpg]
[seantheme.com/color-admin-v2.2/frontend/blog/assets/img/user-1.jpg]
[seantheme.com/color-admin-v2.2/frontend/e-commerce/assets/plugins/bootstrap/fonts/glyphicons-halflings-regular.eot]
[seantheme.com/color-admin-v2.2/frontend/e-commerce/assets/plugins/bootstrap/fonts/glyphicons-halflings-regulard41d.eot]
[seantheme.com/color-admin-v2.2/frontend/e-commerce/assets/plugins/bootstrap/fonts/glyphicons-halflings-regular.woff2]
[seantheme.com/color-admin-v2.2/frontend/e-commerce/assets/plugins/bootstrap/fonts/glyphicons-halflings-regular.woff]
[seantheme.com/color-admin-v2.2/frontend/e-commerce/assets/plugins/bootstrap/fonts/glyphicons-halflings-regular.ttf]
[seantheme.com/color-admin-v2.2/frontend/e-commerce/assets/plugins/bootstrap/fonts/glyphicons-halflings-regular.svg]
[seantheme.com/color-admin-v2.2/frontend/e-commerce/assets/plugins/font-awesome/fonts/fontawesome-webfont3e6e.eot]
[seantheme.com/color-admin-v2.2/frontend/e-commerce/assets/plugins/font-awesome/fonts/fontawesome-webfontd41d.eot]
[seantheme.com/color-admin-v2.2/frontend/e-commerce/assets/plugins/font-awesome/fonts/fontawesome-webfont3e6e.woff2]
[seantheme.com/color-admin-v2.2/frontend/e-commerce/assets/plugins/font-awesome/fonts/fontawesome-webfont3e6e.woff]
[seantheme.com/color-admin-v2.2/frontend/e-commerce/assets/plugins/font-awesome/fonts/fontawesome-webfont3e6e.ttf]
[seantheme.com/color-admin-v2.2/frontend/e-commerce/assets/plugins/font-awesome/fonts/fontawesome-webfont3e6e.svg]
[seantheme.com/color-admin-v2.2/frontend/e-commerce/assets/img/apple-cover.jpg]
[seantheme.com/color-admin-v2.2/frontend/e-commerce/product-detail.html]
[seantheme.com/color-admin-v2.2/frontend/e-commerce/assets/img/iphone-6s-plus-2.jpg]
[seantheme.com/color-admin-v2.2/frontend/e-commerce/assets/img/iphone-6s-plus-3.jpg]
[seantheme.com/color-admin-v2.2/frontend/e-commerce/assets/img/iphone-6s-plus-4.jpg]
[seantheme.com/color-admin-v2.2/frontend/e-commerce/assets/img/iphone-6s-plus-5.jpg]
[seantheme.com/color-admin-v2.2/frontend/e-commerce/assets/img/iphone-6s-plus-6.jpg]
[seantheme.com/color-admin-v2.2/frontend/e-commerce/assets/img/iphone-6s-plus-7.jpg]
[seantheme.com/color-admin-v2.2/frontend/e-commerce/assets/img/iphone-6s-plus.png]
[seantheme.com/color-admin-v2.2/frontend/e-commerce/assets/img/product-main.jpg]
[seantheme.com/color-admin-v2.2/frontend/e-commerce/assets/img/product-3dtouch.jpg]
[seantheme.com/color-admin-v2.2/frontend/e-commerce/assets/img/product-cameras.jpg]
[seantheme.com/color-admin-v2.2/frontend/e-commerce/assets/img/product-technology.jpg]
[seantheme.com/color-admin-v2.2/frontend/e-commerce/assets/img/product-design.jpg]
[seantheme.com/color-admin-v2.2/frontend/e-commerce/assets/img/user-2.jpg]
[seantheme.com/color-admin-v2.2/frontend/e-commerce/assets/img/user-3.jpg]
[seantheme.com/color-admin-v2.2/frontend/e-commerce/assets/img/user-4.jpg]
[seantheme.com/color-admin-v2.2/frontend/e-commerce/assets/img/user-5.jpg]
[seantheme.com/color-admin-v2.2/frontend/e-commerce/assets/img/search-cover.jpg]
[seantheme.com/color-admin-v2.2/frontend/e-commerce/assets/img/about-us-cover.jpg]
[seantheme.com/color-admin-v2.2/frontend/e-commerce/assets/img/my-account-cover.jpg]
[seantheme.com/color-admin-v2.2/frontend/e-commerce/assets/img/contact-us-cover.jpg]
[seantheme.com/color-admin-v2.2/frontend/e-commerce/assets/img/faq-cover.jpg]
[seantheme.com/color-admin-v2.2/frontend/forum/assets/plugins/bootstrap/fonts/glyphicons-halflings-regular.eot]
[seantheme.com/color-admin-v2.2/frontend/forum/assets/plugins/bootstrap/fonts/glyphicons-halflings-regulard41d.eot]
[seantheme.com/color-admin-v2.2/frontend/forum/assets/plugins/bootstrap/fonts/glyphicons-halflings-regular.woff2]
[seantheme.com/color-admin-v2.2/frontend/forum/assets/plugins/bootstrap/fonts/glyphicons-halflings-regular.woff]
[seantheme.com/color-admin-v2.2/frontend/forum/assets/plugins/bootstrap/fonts/glyphicons-halflings-regular.ttf]
[seantheme.com/color-admin-v2.2/frontend/forum/assets/plugins/bootstrap/fonts/glyphicons-halflings-regular.svg]
[seantheme.com/color-admin-v2.2/frontend/forum/assets/plugins/font-awesome/fonts/fontawesome-webfont3e6e.eot]
[seantheme.com/color-admin-v2.2/frontend/forum/assets/plugins/font-awesome/fonts/fontawesome-webfontd41d.eot]
[seantheme.com/color-admin-v2.2/frontend/forum/assets/plugins/font-awesome/fonts/fontawesome-webfont3e6e.woff2]
[seantheme.com/color-admin-v2.2/frontend/forum/assets/plugins/font-awesome/fonts/fontawesome-webfont3e6e.woff]
[seantheme.com/color-admin-v2.2/frontend/forum/assets/plugins/font-awesome/fonts/fontawesome-webfont3e6e.ttf]
[seantheme.com/color-admin-v2.2/frontend/forum/assets/plugins/font-awesome/fonts/fontawesome-webfont3e6e.svg]
[seantheme.com/color-admin-v2.2/frontend/forum/assets/img/transparent/black-0.4.png]
[seantheme.com/color-admin-v2.2/frontend/forum/assets/img/cover2.jpg]
[seantheme.com/color-admin-v2.2/frontend/forum/detail.html]
[seantheme.com/color-admin-v2.2/frontend/forum/assets/img/user-10.jpg]
[seantheme.com/color-admin-v2.2/frontend/one-page-parallax/assets/plugins/bootstrap/fonts/glyphicons-halflings-regular.eot]
[seantheme.com/color-admin-v2.2/frontend/one-page-parallax/assets/plugins/bootstrap/fonts/glyphicons-halflings-regulard41d.eot]
[seantheme.com/color-admin-v2.2/frontend/one-page-parallax/assets/plugins/bootstrap/fonts/glyphicons-halflings-regular.woff2]
[seantheme.com/color-admin-v2.2/frontend/one-page-parallax/assets/plugins/bootstrap/fonts/glyphicons-halflings-regular.woff]
[seantheme.com/color-admin-v2.2/frontend/one-page-parallax/assets/plugins/bootstrap/fonts/glyphicons-halflings-regular.ttf]
[seantheme.com/color-admin-v2.2/frontend/one-page-parallax/assets/plugins/bootstrap/fonts/glyphicons-halflings-regular.svg]
[seantheme.com/color-admin-v2.2/frontend/one-page-parallax/assets/plugins/font-awesome/fonts/fontawesome-webfont3e6e.eot]
[seantheme.com/color-admin-v2.2/frontend/one-page-parallax/assets/plugins/font-awesome/fonts/fontawesome-webfontd41d.eot]
[seantheme.com/color-admin-v2.2/frontend/one-page-parallax/assets/plugins/font-awesome/fonts/fontawesome-webfont3e6e.woff2]
[seantheme.com/color-admin-v2.2/frontend/one-page-parallax/assets/plugins/font-awesome/fonts/fontawesome-webfont3e6e.woff]
[seantheme.com/color-admin-v2.2/frontend/one-page-parallax/assets/plugins/font-awesome/fonts/fontawesome-webfont3e6e.ttf]
[seantheme.com/color-admin-v2.2/frontend/one-page-parallax/assets/plugins/font-awesome/fonts/fontawesome-webfont3e6e.svg]
[seantheme.com/color-admin-v2.2/frontend/one-page-parallax/assets/img/content-bg-cover.png]
[seantheme.com/color-admin-v2.2/frontend/one-page-parallax/assets/img/milestone.jpg]
[seantheme.com/color-admin-v2.2/frontend/one-page-parallax/assets/img/client.jpg]
[seantheme.com/color-admin-v2.2/frontend/one-page-parallax/assets/img/carousel-1.jpg]
[seantheme.com/color-admin-v2.2/frontend/one-page-parallax/assets/img/carousel-2.jpg]
[seantheme.com/color-admin-v2.2/frontend/one-page-parallax/assets/img/carousel-3.jpg]
