[wbpreview.com/previews/WB03KT184/index.html]
[backblue.gif]
[fade.gif]
[index.html]
[wbpreview.com/previews/WB03KT184/css/bootstrap.css]
[wbpreview.com/previews/WB03KT184/css/bootmagz_main.css]
[wbpreview.com/previews/WB03KT184/page.html]
[wbpreview.com/previews/WB03KT184/blog.html]
[wbpreview.com/previews/WB03KT184/galleries.html]
[wbpreview.com/previews/WB03KT184/contact.html]
[wbpreview.com/previews/WB03KT184/category.html]
[wbpreview.com/previews/WB03KT184/img/slider-1.jpg]
[wbpreview.com/previews/WB03KT184/img/slider-2.jpg]
[wbpreview.com/previews/WB03KT184/img/slider-3.jpg]
[wbpreview.com/previews/WB03KT184/img/politics.jpg]
[wbpreview.com/previews/WB03KT184/img/370x255-1.jpg]
[wbpreview.com/previews/WB03KT184/img/rooney.jpg]
[wbpreview.com/previews/WB03KT184/img/70x70-1.jpg]
[wbpreview.com/previews/WB03KT184/index.html]
[wbpreview.com/previews/WB03KT184/js/jquery-1.7.2.min.js]
[wbpreview.com/previews/WB03KT184/js/bootstrap.js]
[wbpreview.com/previews/WB03KT184/css/bootstrap.css]
[wbpreview.com/previews/WB03KT184/img/bg-slider.png]
[wbpreview.com/previews/WB03KT184/img/widget_title_bg3.png]
[wbpreview.com/previews/WB03KT184/css/bootmagz_main.css]
[wbpreview.com/previews/WB03KT184/page.html]
[wbpreview.com/previews/WB03KT184/index-2.html]
[wbpreview.com/previews/WB03KT184/img/blog-1.jpg]
[wbpreview.com/previews/WB03KT184/blog.html]
[wbpreview.com/previews/WB03KT184/img/blog-2.jpg]
[wbpreview.com/previews/WB03KT184/galleries.html]
[wbpreview.com/previews/WB03KT184/contact.html]
[wbpreview.com/previews/WB03KT184/css/bootstrap-lightbox.css]
[wbpreview.com/previews/WB03KT184/js/bootstrap-lightbox.js]
[wbpreview.com/previews/WB03KT184/category.html]
[wbpreview.com/previews/WB03KT184/img/hillary_clinton.jpg]
[wbpreview.com/previews/WB03KT184/img/business.jpg]
[wbpreview.com/previews/WB03KT184/js/jquery-1.7.2.min.js]
[wbpreview.com/previews/WB03KT184/js/bootstrap.js]
[wbpreview.com/previews/WB03KT184/img/glyphicons-halflings.png]
[wbpreview.com/previews/WB03KT184/img/80x60-1.jpg]
[wbpreview.com/previews/WB03KT184/img/glyphicons-halflings-white.png]
[wbpreview.com/previews/WB03KT184/index-2.html]
[wbpreview.com/previews/WB03KT184/css/bootstrap-lightbox.css]
[wbpreview.com/previews/WB03KT184/js/bootstrap-lightbox.js]
[wbpreview.com/previews/WB03KT184/img/feat-category.jpg]
[wbpreview.com/previews/WB03KT184/img/social_media_icon.png]
[wbpreview.com/previews/WB03KT184/single.html]
[wbpreview.com/previews/WB03KT184/single.html]
