[backblue.gif]
[fade.gif]
[index.html]
[seantheme.com/color-admin-v2.2/frontend/blog/assets/plugins/pace/pace.min.js]
[seantheme.com/color-admin-v2.2/frontend/blog/assets/img/cover.jpg]
[seantheme.com/color-admin-v2.2/frontend/blog/assets/img/post1.jpg]
[seantheme.com/color-admin-v2.2/frontend/blog/assets/img/post2.jpg]
[seantheme.com/color-admin-v2.2/frontend/blog/assets/img/post3.jpg]
[seantheme.com/color-admin-v2.2/frontend/blog/assets/img/post4.jpg]
[seantheme.com/color-admin-v2.2/frontend/blog/assets/plugins/jquery/jquery-1.9.1.min.js]
[seantheme.com/color-admin-v2.2/frontend/blog/assets/plugins/jquery/jquery-migrate-1.1.0.min.js]
[seantheme.com/color-admin-v2.2/frontend/blog/assets/plugins/bootstrap/js/bootstrap.min.js]
[seantheme.com/color-admin-v2.2/frontend/blog/assets/plugins/jquery-cookie/jquery.cookie.js]
[seantheme.com/color-admin-v2.2/frontend/blog/index.html]
[seantheme.com/color-admin-v2.2/frontend/blog/assets/js/apps.min.js]
[seantheme.com/color-admin-v2.2/frontend/blog/assets/plugins/bootstrap/fonts/glyphicons-halflings-regular.eot]
[seantheme.com/color-admin-v2.2/frontend/blog/assets/plugins/bootstrap/fonts/glyphicons-halflings-regulard41d.eot]
[seantheme.com/color-admin-v2.2/frontend/blog/assets/plugins/bootstrap/fonts/glyphicons-halflings-regular.woff2]
[seantheme.com/color-admin-v2.2/frontend/blog/assets/plugins/bootstrap/fonts/glyphicons-halflings-regular.woff]
[seantheme.com/color-admin-v2.2/frontend/blog/assets/plugins/bootstrap/fonts/glyphicons-halflings-regular.ttf]
[seantheme.com/color-admin-v2.2/frontend/blog/assets/plugins/bootstrap/css/bootstrap.min.css]
[seantheme.com/color-admin-v2.2/frontend/blog/assets/plugins/font-awesome/fonts/fontawesome-webfont3e6e.eot]
[seantheme.com/color-admin-v2.2/frontend/blog/assets/plugins/font-awesome/fonts/fontawesome-webfontd41d.eot]
[seantheme.com/color-admin-v2.2/frontend/blog/assets/plugins/font-awesome/fonts/fontawesome-webfont3e6e.woff2]
[seantheme.com/color-admin-v2.2/frontend/blog/assets/plugins/font-awesome/fonts/fontawesome-webfont3e6e.woff]
[seantheme.com/color-admin-v2.2/frontend/blog/assets/plugins/font-awesome/fonts/fontawesome-webfont3e6e.ttf]
[seantheme.com/color-admin-v2.2/frontend/blog/assets/plugins/font-awesome/css/font-awesome.min.css]
[seantheme.com/color-admin-v2.2/frontend/blog/assets/css/animate.min.css]
[seantheme.com/color-admin-v2.2/frontend/blog/assets/img/transparent/black-0.4.png]
[seantheme.com/color-admin-v2.2/frontend/blog/assets/css/style.min.css]
[seantheme.com/color-admin-v2.2/frontend/blog/assets/css/style-responsive.min.css]
[seantheme.com/color-admin-v2.2/frontend/blog/assets/css/theme/default.css]
[seantheme.com/color-admin-v2.2/frontend/blog/index-2.html]
[seantheme.com/color-admin-v2.2/frontend/blog/assets/img/cover2.jpg]
[seantheme.com/color-admin-v2.2/frontend/blog/index_transparent_header.html]
[seantheme.com/color-admin-v2.2/frontend/blog/assets/img/cover3.jpg]
[seantheme.com/color-admin-v2.2/frontend/blog/index_inverse_header.html]
[seantheme.com/color-admin-v2.2/frontend/blog/assets/plugins/masonry/masonry.min.js]
[seantheme.com/color-admin-v2.2/frontend/blog/post_grid.html]
[seantheme.com/color-admin-v2.2/frontend/blog/assets/img/post5.jpg]
[seantheme.com/color-admin-v2.2/frontend/blog/assets/img/post6.jpg]
[seantheme.com/color-admin-v2.2/frontend/blog/assets/img/post7.jpg]
[seantheme.com/color-admin-v2.2/frontend/blog/assets/img/post8.jpg]
[seantheme.com/color-admin-v2.2/frontend/blog/assets/img/post9.jpg]
[seantheme.com/color-admin-v2.2/frontend/blog/assets/img/post10.jpg]
[seantheme.com/color-admin-v2.2/frontend/blog/post_without_sidebar.html]
[seantheme.com/color-admin-v2.2/frontend/blog/assets/img/cover4.jpg]
[seantheme.com/color-admin-v2.2/frontend/blog/assets/img/about-me.jpg]
[seantheme.com/color-admin-v2.2/frontend/blog/about_me.html]
[seantheme.com/color-admin-v2.2/frontend/blog/assets/img/cover5.jpg]
[seantheme.com/color-admin-v2.2/frontend/blog/contact_us.html]
[seantheme.com/color-admin-v2.2/frontend/blog/assets/img/user-1.jpg]
[seantheme.com/color-admin-v2.2/frontend/blog/post_detail.html]
[seantheme.com/color-admin-v2.2/frontend/blog/assets/plugins/bootstrap/fonts/glyphicons-halflings-regular.svg]
[seantheme.com/color-admin-v2.2/frontend/blog/assets/plugins/font-awesome/fonts/fontawesome-webfont3e6e.svg]
