[byrushan.com/projects/ma/1-7-1/jquery/light/index.html]
[backblue.gif]
[fade.gif]
[index.html]
[byrushan.com/projects/ma/1-7-1/jquery/light/vendors/bower_components/fullcalendar/dist/fullcalendar.min.css]
[byrushan.com/projects/ma/1-7-1/jquery/light/vendors/bower_components/animate.css/animate.min.css]
[byrushan.com/projects/ma/1-7-1/jquery/light/vendors/bower_components/sweetalert2/dist/sweetalert2.min.css]
[byrushan.com/projects/ma/1-7-1/jquery/light/vendors/bower_components/material-design-iconic-font/dist/css/material-design-iconic-font.min.css]
[byrushan.com/projects/ma/1-7-1/jquery/light/vendors/bower_components/malihu-custom-scrollbar-plugin/jquery.mCustomScrollbar.min.css]
[byrushan.com/projects/ma/1-7-1/jquery/light/img/demo/profile-pics/1.jpg]
[byrushan.com/projects/ma/1-7-1/jquery/light/css/app_1.min.css]
[byrushan.com/projects/ma/1-7-1/jquery/light/index-2.html]
[byrushan.com/projects/ma/1-7-1/jquery/light/css/app_2.min.css]
[byrushan.com/projects/ma/1-7-1/jquery/light/img/demo/profile-pics/2.jpg]
[byrushan.com/projects/ma/1-7-1/jquery/light/img/demo/profile-pics/3.jpg]
[byrushan.com/projects/ma/1-7-1/jquery/light/img/demo/profile-pics/4.jpg]
[byrushan.com/projects/ma/1-7-1/jquery/light/profile-about.html]
[byrushan.com/projects/ma/1-7-1/jquery/light/dashboards/analytics.html]
[byrushan.com/projects/ma/1-7-1/jquery/light/dashboards/school.html]
[byrushan.com/projects/ma/1-7-1/jquery/light/textual-menu.html]
[byrushan.com/projects/ma/1-7-1/jquery/light/image-logo.html]
[byrushan.com/projects/ma/1-7-1/jquery/light/top-mainmenu.html]
[byrushan.com/projects/ma/1-7-1/jquery/light/typography.html]
[byrushan.com/projects/ma/1-7-1/jquery/light/widget-templates.html]
[byrushan.com/projects/ma/1-7-1/jquery/light/widgets.html]
[byrushan.com/projects/ma/1-7-1/jquery/light/tables.html]
[byrushan.com/projects/ma/1-7-1/jquery/light/data-tables.html]
[byrushan.com/projects/ma/1-7-1/jquery/light/form-elements.html]
[byrushan.com/projects/ma/1-7-1/jquery/light/form-components.html]
[byrushan.com/projects/ma/1-7-1/jquery/light/form-examples.html]
[byrushan.com/projects/ma/1-7-1/jquery/light/form-validations.html]
[byrushan.com/projects/ma/1-7-1/jquery/light/colors.html]
[byrushan.com/projects/ma/1-7-1/jquery/light/animations.html]
[byrushan.com/projects/ma/1-7-1/jquery/light/buttons.html]
[byrushan.com/projects/ma/1-7-1/jquery/light/icons.html]
[byrushan.com/projects/ma/1-7-1/jquery/light/alerts.html]
[byrushan.com/projects/ma/1-7-1/jquery/light/preloaders.html]
[byrushan.com/projects/ma/1-7-1/jquery/light/notification-dialog.html]
[byrushan.com/projects/ma/1-7-1/jquery/light/media.html]
[byrushan.com/projects/ma/1-7-1/jquery/light/components.html]
[byrushan.com/projects/ma/1-7-1/jquery/light/other-components.html]
[byrushan.com/projects/ma/1-7-1/jquery/light/flot-charts.html]
[byrushan.com/projects/ma/1-7-1/jquery/light/other-charts.html]
[byrushan.com/projects/ma/1-7-1/jquery/light/maps.html]
[byrushan.com/projects/ma/1-7-1/jquery/light/calendar.html]
[byrushan.com/projects/ma/1-7-1/jquery/light/photos.html]
[byrushan.com/projects/ma/1-7-1/jquery/light/photo-timeline.html]
[byrushan.com/projects/ma/1-7-1/jquery/light/generic-classes.html]
[byrushan.com/projects/ma/1-7-1/jquery/light/list-view.html]
[byrushan.com/projects/ma/1-7-1/jquery/light/messages.html]
[byrushan.com/projects/ma/1-7-1/jquery/light/pricing-table.html]
[byrushan.com/projects/ma/1-7-1/jquery/light/contacts.html]
[byrushan.com/projects/ma/1-7-1/jquery/light/wall.html]
[byrushan.com/projects/ma/1-7-1/jquery/light/invoice.html]
[byrushan.com/projects/ma/1-7-1/jquery/light/login.html]
[byrushan.com/projects/ma/1-7-1/jquery/light/lockscreen.html]
[byrushan.com/projects/ma/1-7-1/jquery/light/404.html]
[byrushan.com/projects/ma/1-7-1/jquery/light/img/demo/profile-pics/5.jpg]
[byrushan.com/projects/ma/1-7-1/jquery/light/img/demo/profile-pics/6.jpg]
[byrushan.com/projects/ma/1-7-1/jquery/light/vendors/bower_components/jquery/dist/jquery.min.js]
[byrushan.com/projects/ma/1-7-1/jquery/light/vendors/bower_components/bootstrap/dist/js/bootstrap.min.js]
[byrushan.com/projects/ma/1-7-1/jquery/light/vendors/bower_components/flot/jquery.flot.js]
[byrushan.com/projects/ma/1-7-1/jquery/light/vendors/bower_components/flot/jquery.flot.resize.js]
[byrushan.com/projects/ma/1-7-1/jquery/light/vendors/bower_components/flot.curvedlines/curvedLines.js]
[byrushan.com/projects/ma/1-7-1/jquery/light/vendors/sparklines/jquery.sparkline.min.js]
[byrushan.com/projects/ma/1-7-1/jquery/light/vendors/bower_components/jquery.easy-pie-chart/dist/jquery.easypiechart.min.js]
[byrushan.com/projects/ma/1-7-1/jquery/light/vendors/bower_components/moment/min/moment.min.js]
[byrushan.com/projects/ma/1-7-1/jquery/light/vendors/bower_components/fullcalendar/dist/fullcalendar.min.js]
[byrushan.com/projects/ma/1-7-1/jquery/light/vendors/bower_components/simpleWeather/jquery.simpleWeather.min.js]
[byrushan.com/projects/ma/1-7-1/jquery/light/vendors/bower_components/Waves/dist/waves.min.js]
[byrushan.com/projects/ma/1-7-1/jquery/light/vendors/bootstrap-growl/bootstrap-growl.min.js]
[byrushan.com/projects/ma/1-7-1/jquery/light/vendors/bower_components/sweetalert2/dist/sweetalert2.min.js]
[byrushan.com/projects/ma/1-7-1/jquery/light/vendors/bower_components/malihu-custom-scrollbar-plugin/jquery.mCustomScrollbar.concat.min.js]
[byrushan.com/projects/ma/1-7-1/jquery/light/js/app.min.js]
[byrushan.com/projects/ma/1-7-1/jquery/light/index.html]
[byrushan.com/projects/ma/1-7-1/jquery/light/vendors/bower_components/fullcalendar/dist/fullcalendar.min.css]
[byrushan.com/projects/ma/1-7-1/jquery/light/vendors/bower_components/animate.css/animate.min.css]
[byrushan.com/projects/ma/1-7-1/jquery/light/vendors/bower_components/sweetalert2/dist/sweetalert2.min.css]
[byrushan.com/projects/ma/1-7-1/jquery/light/vendors/bower_components/material-design-iconic-font/dist/fonts/Material-Design-Iconic-Fontd1f1.woff]
[byrushan.com/projects/ma/1-7-1/jquery/light/vendors/bower_components/material-design-iconic-font/dist/css/material-design-iconic-font.min.css]
[byrushan.com/projects/ma/1-7-1/jquery/light/vendors/bower_components/material-design-iconic-font/dist/fonts/Material-Design-Iconic-Fontd1f1.ttf]
[byrushan.com/projects/ma/1-7-1/jquery/light/vendors/bower_components/material-design-iconic-font/dist/fonts/Material-Design-Iconic-Fontd1f1.woff2]
[byrushan.com/projects/ma/1-7-1/jquery/light/vendors/bower_components/malihu-custom-scrollbar-plugin/mCSB_buttons.png]
[byrushan.com/projects/ma/1-7-1/jquery/light/vendors/bower_components/malihu-custom-scrollbar-plugin/jquery.mCustomScrollbar.min.css]
[byrushan.com/projects/ma/1-7-1/jquery/light/fonts/glyphicons-halflings-regular.eot]
[byrushan.com/projects/ma/1-7-1/jquery/light/fonts/glyphicons-halflings-regular.woff]
[byrushan.com/projects/ma/1-7-1/jquery/light/fonts/glyphicons-halflings-regulard41d.eot]
[byrushan.com/projects/ma/1-7-1/jquery/light/fonts/glyphicons-halflings-regular.woff2]
[byrushan.com/projects/ma/1-7-1/jquery/light/fonts/glyphicons-halflings-regular.ttf]
[byrushan.com/projects/ma/1-7-1/jquery/light/fonts/roboto/Roboto-Light-webfont.eot]
[byrushan.com/projects/ma/1-7-1/jquery/light/fonts/roboto/Roboto-Light-webfontd41d.eot]
[byrushan.com/projects/ma/1-7-1/jquery/light/fonts/roboto/Roboto-Light-webfont.woff]
[byrushan.com/projects/ma/1-7-1/jquery/light/fonts/roboto/Roboto-Light-webfont.ttf]
[byrushan.com/projects/ma/1-7-1/jquery/light/fonts/roboto/Roboto-Regular-webfont.eot]
[byrushan.com/projects/ma/1-7-1/jquery/light/fonts/roboto/Roboto-Regular-webfont.woff]
[byrushan.com/projects/ma/1-7-1/jquery/light/fonts/roboto/Roboto-Regular-webfontd41d.eot]
[byrushan.com/projects/ma/1-7-1/jquery/light/fonts/roboto/Roboto-Regular-webfont.ttf]
[byrushan.com/projects/ma/1-7-1/jquery/light/fonts/roboto/Roboto-Medium-webfont.eot]
[byrushan.com/projects/ma/1-7-1/jquery/light/fonts/roboto/Roboto-Medium-webfontd41d.eot]
[byrushan.com/projects/ma/1-7-1/jquery/light/fonts/roboto/Roboto-Medium-webfont.woff]
[byrushan.com/projects/ma/1-7-1/jquery/light/fonts/roboto/Roboto-Medium-webfont.ttf]
[byrushan.com/projects/ma/1-7-1/jquery/light/fonts/roboto/Roboto-Bold-webfont.eot]
[byrushan.com/projects/ma/1-7-1/jquery/light/fonts/roboto/Roboto-Bold-webfont.woff]
[byrushan.com/projects/ma/1-7-1/jquery/light/fonts/roboto/Roboto-Bold-webfontd41d.eot]
[byrushan.com/projects/ma/1-7-1/jquery/light/fonts/roboto/Roboto-Bold-webfont.ttf]
[byrushan.com/projects/ma/1-7-1/jquery/light/fonts/satisfy/satisfy.eot]
[byrushan.com/projects/ma/1-7-1/jquery/light/fonts/satisfy/satisfyd41d.eot]
[byrushan.com/projects/ma/1-7-1/jquery/light/fonts/satisfy/satisfy.woff]
[byrushan.com/projects/ma/1-7-1/jquery/light/fonts/satisfy/satisfy.ttf]
[byrushan.com/projects/ma/1-7-1/jquery/light/fonts/weather-icons/weather-icons.eot]
[byrushan.com/projects/ma/1-7-1/jquery/light/fonts/weather-icons/weather-iconsd41d.eot]
[byrushan.com/projects/ma/1-7-1/jquery/light/fonts/weather-icons/weather-icons.woff]
[byrushan.com/projects/ma/1-7-1/jquery/light/fonts/weather-icons/weather-icons.ttf]
[byrushan.com/projects/ma/1-7-1/jquery/light/fonts/weather-icons/weather-icons.svg]
[byrushan.com/projects/ma/1-7-1/jquery/light/img/notifications.png]
[byrushan.com/projects/ma/1-7-1/jquery/light/img/profile-menu.png]
[byrushan.com/projects/ma/1-7-1/jquery/light/img/icons/weather/0.png]
[byrushan.com/projects/ma/1-7-1/jquery/light/img/icons/weather/0@2x.png]
[byrushan.com/projects/ma/1-7-1/jquery/light/img/icons/weather/1.png]
[byrushan.com/projects/ma/1-7-1/jquery/light/img/icons/weather/1@2x.png]
[byrushan.com/projects/ma/1-7-1/jquery/light/img/icons/weather/2.png]
[byrushan.com/projects/ma/1-7-1/jquery/light/img/icons/weather/2@2x.png]
[byrushan.com/projects/ma/1-7-1/jquery/light/img/icons/weather/3.png]
[byrushan.com/projects/ma/1-7-1/jquery/light/img/icons/weather/3@2x.png]
[byrushan.com/projects/ma/1-7-1/jquery/light/img/icons/weather/5.png]
[byrushan.com/projects/ma/1-7-1/jquery/light/img/icons/weather/5@2x.png]
[byrushan.com/projects/ma/1-7-1/jquery/light/img/icons/weather/9.png]
[byrushan.com/projects/ma/1-7-1/jquery/light/img/icons/weather/9@2x.png]
[byrushan.com/projects/ma/1-7-1/jquery/light/img/icons/weather/18.png]
[byrushan.com/projects/ma/1-7-1/jquery/light/img/icons/weather/18@2x.png]
[byrushan.com/projects/ma/1-7-1/jquery/light/img/icons/weather/19.png]
[byrushan.com/projects/ma/1-7-1/jquery/light/img/icons/weather/19@2x.png]
[byrushan.com/projects/ma/1-7-1/jquery/light/img/icons/weather/24.png]
[byrushan.com/projects/ma/1-7-1/jquery/light/img/icons/weather/24@2x.png]
[byrushan.com/projects/ma/1-7-1/jquery/light/img/icons/weather/26.png]
[byrushan.com/projects/ma/1-7-1/jquery/light/img/icons/weather/26@2x.png]
[byrushan.com/projects/ma/1-7-1/jquery/light/img/icons/weather/27.png]
[byrushan.com/projects/ma/1-7-1/jquery/light/img/icons/weather/27@2x.png]
[byrushan.com/projects/ma/1-7-1/jquery/light/img/icons/weather/28.png]
[byrushan.com/projects/ma/1-7-1/jquery/light/img/icons/weather/28@2x.png]
[byrushan.com/projects/ma/1-7-1/jquery/light/img/icons/weather/31.png]
[byrushan.com/projects/ma/1-7-1/jquery/light/img/icons/weather/31@2x.png]
[byrushan.com/projects/ma/1-7-1/jquery/light/img/icons/weather/32.png]
[byrushan.com/projects/ma/1-7-1/jquery/light/img/icons/weather/32@2x.png]
[byrushan.com/projects/ma/1-7-1/jquery/light/img/headers/sm/4.png]
[byrushan.com/projects/ma/1-7-1/jquery/light/img/select.png]
[byrushan.com/projects/ma/1-7-1/jquery/light/css/app_1.min.css]
[byrushan.com/projects/ma/1-7-1/jquery/light/img/select@2x.png]
[byrushan.com/projects/ma/1-7-1/jquery/light/img/calendar/january.jpg]
[byrushan.com/projects/ma/1-7-1/jquery/light/img/calendar/february.jpg]
[byrushan.com/projects/ma/1-7-1/jquery/light/img/calendar/march.jpg]
[byrushan.com/projects/ma/1-7-1/jquery/light/img/calendar/april.jpg]
[byrushan.com/projects/ma/1-7-1/jquery/light/img/calendar/may.jpg]
[byrushan.com/projects/ma/1-7-1/jquery/light/img/calendar/june.jpg]
[byrushan.com/projects/ma/1-7-1/jquery/light/img/calendar/july.jpg]
[byrushan.com/projects/ma/1-7-1/jquery/light/img/calendar/august.jpg]
[byrushan.com/projects/ma/1-7-1/jquery/light/img/calendar/september.jpg]
[byrushan.com/projects/ma/1-7-1/jquery/light/img/calendar/october.jpg]
[byrushan.com/projects/ma/1-7-1/jquery/light/img/calendar/november.jpg]
[byrushan.com/projects/ma/1-7-1/jquery/light/img/calendar/december.jpg]
[byrushan.com/projects/ma/1-7-1/jquery/light/img/icons/play.png]
[byrushan.com/projects/ma/1-7-1/jquery/light/img/icons/play@2x.png]
[byrushan.com/projects/ma/1-7-1/jquery/light/img/icons/pause.png]
[byrushan.com/projects/ma/1-7-1/jquery/light/img/icons/pause@2x.png]
[byrushan.com/projects/ma/1-7-1/jquery/light/img/icons/speaker.png]
[byrushan.com/projects/ma/1-7-1/jquery/light/img/icons/speaker@2x.png]
[byrushan.com/projects/ma/1-7-1/jquery/light/img/icons/speaker-2.png]
[byrushan.com/projects/ma/1-7-1/jquery/light/img/icons/speaker-2@2x.png]
[byrushan.com/projects/ma/1-7-1/jquery/light/img/icons/fullscreen.png]
[byrushan.com/projects/ma/1-7-1/jquery/light/css/app_2.min.css]
[byrushan.com/projects/ma/1-7-1/jquery/light/img/icons/fullscreen@2x.png]
[byrushan.com/projects/ma/1-7-1/jquery/light/index-2.html]
[byrushan.com/projects/ma/1-7-1/jquery/light/vendors/bower_components/eonasdan-bootstrap-datetimepicker/build/css/bootstrap-datetimepicker.min.css]
[byrushan.com/projects/ma/1-7-1/jquery/light/img/demo/profile-pics/profile-pic-2.jpg]
[byrushan.com/projects/ma/1-7-1/jquery/light/img/demo/profile-pics/7.jpg]
[byrushan.com/projects/ma/1-7-1/jquery/light/img/demo/profile-pics/8.jpg]
[byrushan.com/projects/ma/1-7-1/jquery/light/profile-timeline.html]
[byrushan.com/projects/ma/1-7-1/jquery/light/profile-photos.html]
[byrushan.com/projects/ma/1-7-1/jquery/light/profile-connections.html]
[byrushan.com/projects/ma/1-7-1/jquery/light/profile-about.html]
[byrushan.com/projects/ma/1-7-1/jquery/light/vendors/bower_components/eonasdan-bootstrap-datetimepicker/build/js/bootstrap-datetimepicker.min.js]
[byrushan.com/projects/ma/1-7-1/jquery/light/img/browsers/icons/chrome.png]
[byrushan.com/projects/ma/1-7-1/jquery/light/img/browsers/icons/firefox.png]
[byrushan.com/projects/ma/1-7-1/jquery/light/img/browsers/icons/safari.png]
[byrushan.com/projects/ma/1-7-1/jquery/light/img/browsers/icons/opera.png]
[byrushan.com/projects/ma/1-7-1/jquery/light/img/browsers/icons/edge.png]
[byrushan.com/projects/ma/1-7-1/jquery/light/img/browsers/icons/samsung-internet.png]
[byrushan.com/projects/ma/1-7-1/jquery/light/img/search-engines/google.png]
[byrushan.com/projects/ma/1-7-1/jquery/light/img/search-engines/bing.png]
[byrushan.com/projects/ma/1-7-1/jquery/light/img/search-engines/baidu.png]
[byrushan.com/projects/ma/1-7-1/jquery/light/img/search-engines/yahoo.png]
[byrushan.com/projects/ma/1-7-1/jquery/light/img/search-engines/duckduckgo.png]
[byrushan.com/projects/ma/1-7-1/jquery/light/img/search-engines/yandex.png]
[byrushan.com/projects/ma/1-7-1/jquery/light/img/flags/United_States_of_America.png]
[byrushan.com/projects/ma/1-7-1/jquery/light/img/flags/Australia.png]
[byrushan.com/projects/ma/1-7-1/jquery/light/img/flags/Brazil.png]
[byrushan.com/projects/ma/1-7-1/jquery/light/img/flags/South_Korea.png]
[byrushan.com/projects/ma/1-7-1/jquery/light/img/flags/Japan.png]
[byrushan.com/projects/ma/1-7-1/jquery/light/img/flags/Mexico.png]
[byrushan.com/projects/ma/1-7-1/jquery/light/img/flags/United_Kingdom.png]
[byrushan.com/projects/ma/1-7-1/jquery/light/img/flags/Nigeria.png]
[byrushan.com/projects/ma/1-7-1/jquery/light/img/flags/Germany.png]
[byrushan.com/projects/ma/1-7-1/jquery/light/img/flags/Singapore.png]
[byrushan.com/projects/ma/1-7-1/jquery/light/img/flags/China.png]
[byrushan.com/projects/ma/1-7-1/jquery/light/img/flags/Russian_Federation.png]
[byrushan.com/projects/ma/1-7-1/jquery/light/img/flags/Italy.png]
[byrushan.com/projects/ma/1-7-1/jquery/light/img/flags/Canada.png]
[byrushan.com/projects/ma/1-7-1/jquery/light/vendors/bower_components/flot/jquery.flot.time.js]
[byrushan.com/projects/ma/1-7-1/jquery/light/vendors/bower_components/flot.tooltip/js/jquery.flot.tooltip.min.js]
[byrushan.com/projects/ma/1-7-1/jquery/light/vendors/bower_components/jqvmap/dist/jquery.vmap.min.js]
[byrushan.com/projects/ma/1-7-1/jquery/light/dashboards/analytics.html]
[byrushan.com/projects/ma/1-7-1/jquery/light/vendors/bower_components/jqvmap/dist/maps/jquery.vmap.world.js]
[byrushan.com/projects/ma/1-7-1/jquery/light/dashboards/school.html]
[byrushan.com/projects/ma/1-7-1/jquery/light/textual-menu.html]
[byrushan.com/projects/ma/1-7-1/jquery/light/vendors/bower_components/flot/jquery.flot.pie.js]
[byrushan.com/projects/ma/1-7-1/jquery/light/image-logo.html]
[byrushan.com/projects/ma/1-7-1/jquery/light/img/demo/logo.png]
[byrushan.com/projects/ma/1-7-1/jquery/light/box-shadow.html]
[byrushan.com/projects/ma/1-7-1/jquery/light/top-mainmenu.html]
[byrushan.com/projects/ma/1-7-1/jquery/light/typography.html]
[byrushan.com/projects/ma/1-7-1/jquery/light/widget-templates.html]
[byrushan.com/projects/ma/1-7-1/jquery/light/vendors/bower_components/mediaelement/build/mediaelementplayer.css]
[byrushan.com/projects/ma/1-7-1/jquery/light/img/headers/square/1.png]
[byrushan.com/projects/ma/1-7-1/jquery/light/img/headers/square/2.png]
[byrushan.com/projects/ma/1-7-1/jquery/light/img/headers/square/3.png]
[byrushan.com/projects/ma/1-7-1/jquery/light/img/headers/square/4.png]
[byrushan.com/projects/ma/1-7-1/jquery/light/img/headers/square/5.png]
[byrushan.com/projects/ma/1-7-1/jquery/light/img/headers/square/6.png]
[byrushan.com/projects/ma/1-7-1/jquery/light/img/headers/square/7.png]
[byrushan.com/projects/ma/1-7-1/jquery/light/img/headers/square/8.png]
[byrushan.com/projects/ma/1-7-1/jquery/light/img/headers/square/9.png]
[byrushan.com/projects/ma/1-7-1/jquery/light/img/demo/widgets/preview.jpg]
[byrushan.com/projects/ma/1-7-1/jquery/light/media/big_buck_bunny.mp4]
[byrushan.com/projects/ma/1-7-1/jquery/light/img/demo/map.png]
[byrushan.com/projects/ma/1-7-1/jquery/light/img/headers/sm/6.png]
[byrushan.com/projects/ma/1-7-1/jquery/light/img/headers/sm/2.png]
[byrushan.com/projects/ma/1-7-1/jquery/light/img/social/facebook-128.png]
[byrushan.com/projects/ma/1-7-1/jquery/light/img/social/twitter-128.png]
[byrushan.com/projects/ma/1-7-1/jquery/light/img/social/googleplus-128.png]
[byrushan.com/projects/ma/1-7-1/jquery/light/img/social/linkedin-128.png]
[byrushan.com/projects/ma/1-7-1/jquery/light/img/social/youtube-128.png]
[byrushan.com/projects/ma/1-7-1/jquery/light/img/social/blogger-128.png]
[byrushan.com/projects/ma/1-7-1/jquery/light/img/demo/profile-pics/profile-pic.jpg]
[byrushan.com/projects/ma/1-7-1/jquery/light/vendors/bower_components/autosize/dist/autosize.min.js]
[byrushan.com/projects/ma/1-7-1/jquery/light/vendors/bower_components/mediaelement/build/mediaelement-and-player.js]
[byrushan.com/projects/ma/1-7-1/jquery/light/widgets.html]
[byrushan.com/projects/ma/1-7-1/jquery/light/tables.html]
[byrushan.com/projects/ma/1-7-1/jquery/light/vendors/bower_components/datatables.net-dt/css/jquery.dataTables.min.css]
[byrushan.com/projects/ma/1-7-1/jquery/light/vendors/bower_components/datatables.net/js/jquery.dataTables.min.js]
[byrushan.com/projects/ma/1-7-1/jquery/light/data-tables.html]
[byrushan.com/projects/ma/1-7-1/jquery/light/form-elements.html]
[byrushan.com/projects/ma/1-7-1/jquery/light/vendors/bower_components/bootstrap-select/dist/css/bootstrap-select.css]
[byrushan.com/projects/ma/1-7-1/jquery/light/vendors/bower_components/nouislider/distribute/nouislider.min.css]
[byrushan.com/projects/ma/1-7-1/jquery/light/vendors/bower_components/dropzone/dist/min/dropzone.min.css]
[byrushan.com/projects/ma/1-7-1/jquery/light/vendors/farbtastic/farbtastic.css]
[byrushan.com/projects/ma/1-7-1/jquery/light/vendors/bower_components/chosen/chosen.css]
[byrushan.com/projects/ma/1-7-1/jquery/light/vendors/summernote/dist/summernote.css]
[byrushan.com/projects/ma/1-7-1/jquery/light/css/demo.css]
[byrushan.com/projects/ma/1-7-1/jquery/light/vendors/bower_components/bootstrap-select/dist/js/bootstrap-select.js]
[byrushan.com/projects/ma/1-7-1/jquery/light/vendors/bower_components/nouislider/distribute/nouislider.min.js]
[byrushan.com/projects/ma/1-7-1/jquery/light/vendors/bower_components/typeahead.js/dist/typeahead.bundle.min.js]
[byrushan.com/projects/ma/1-7-1/jquery/light/vendors/bower_components/dropzone/dist/min/dropzone.min.js]
[byrushan.com/projects/ma/1-7-1/jquery/light/vendors/summernote/dist/summernote-updated.min.js]
[byrushan.com/projects/ma/1-7-1/jquery/light/vendors/bower_components/chosen/chosen.jquery.js]
[byrushan.com/projects/ma/1-7-1/jquery/light/vendors/bower_components/jquery-mask-plugin/dist/jquery.mask.min.js]
[byrushan.com/projects/ma/1-7-1/jquery/light/vendors/fileinput/fileinput.min.js]
[byrushan.com/projects/ma/1-7-1/jquery/light/vendors/farbtastic/farbtastic.min.js]
[byrushan.com/projects/ma/1-7-1/jquery/light/form-components.html]
[byrushan.com/projects/ma/1-7-1/jquery/light/form-examples.html]
[byrushan.com/projects/ma/1-7-1/jquery/light/form-validations.html]
[byrushan.com/projects/ma/1-7-1/jquery/light/colors.html]
[byrushan.com/projects/ma/1-7-1/jquery/light/img/headers/sm/1.png]
[byrushan.com/projects/ma/1-7-1/jquery/light/img/headers/sm/7.png]
[byrushan.com/projects/ma/1-7-1/jquery/light/img/headers/sm/3.png]
[byrushan.com/projects/ma/1-7-1/jquery/light/img/headers/sm/8.png]
[byrushan.com/projects/ma/1-7-1/jquery/light/img/headers/sm/9.png]
[byrushan.com/projects/ma/1-7-1/jquery/light/img/headers/sm/5.png]
[byrushan.com/projects/ma/1-7-1/jquery/light/animations.html]
[byrushan.com/projects/ma/1-7-1/jquery/light/buttons.html]
[byrushan.com/projects/ma/1-7-1/jquery/light/icons.html]
[byrushan.com/projects/ma/1-7-1/jquery/light/alerts.html]
[byrushan.com/projects/ma/1-7-1/jquery/light/preloaders.html]
[byrushan.com/projects/ma/1-7-1/jquery/light/notification-dialog.html]
[byrushan.com/projects/ma/1-7-1/jquery/light/vendors/bower_components/lightgallery/dist/css/lightgallery.min.css]
[byrushan.com/projects/ma/1-7-1/jquery/light/img/300x200.gif]
[byrushan.com/projects/ma/1-7-1/jquery/light/media/gallery/thumbs/1.jpg]
[byrushan.com/projects/ma/1-7-1/jquery/light/media/gallery/thumbs/2.jpg]
[byrushan.com/projects/ma/1-7-1/jquery/light/media/gallery/thumbs/3.jpg]
[byrushan.com/projects/ma/1-7-1/jquery/light/media/gallery/thumbs/4.jpg]
[byrushan.com/projects/ma/1-7-1/jquery/light/media/gallery/thumbs/5.jpg]
[byrushan.com/projects/ma/1-7-1/jquery/light/media/gallery/thumbs/6.jpg]
[byrushan.com/projects/ma/1-7-1/jquery/light/media/big_buck_bunny.jpg]
[byrushan.com/projects/ma/1-7-1/jquery/light/media/big_buck_bunny.webm]
[byrushan.com/projects/ma/1-7-1/jquery/light/media/big_buck_bunny.ogv]
[byrushan.com/projects/ma/1-7-1/jquery/light/media/flashmediaelement.swf]
[byrushan.com/projects/ma/1-7-1/jquery/light/media/carousel/c-1.jpg]
[byrushan.com/projects/ma/1-7-1/jquery/light/media/carousel/c-2.jpg]
[byrushan.com/projects/ma/1-7-1/jquery/light/media/carousel/c-3.jpg]
[byrushan.com/projects/ma/1-7-1/jquery/light/vendors/bower_components/lightgallery/lib/lightgallery-all.min.js]
[byrushan.com/projects/ma/1-7-1/jquery/light/vendors/bower_components/mediaelement/build/mediaelement-and-player.min.js]
[byrushan.com/projects/ma/1-7-1/jquery/light/media.html]
[byrushan.com/projects/ma/1-7-1/jquery/light/vendors/bootstrap-wizard/jquery.bootstrap.wizard.min.js]
[byrushan.com/projects/ma/1-7-1/jquery/light/components.html]
[byrushan.com/projects/ma/1-7-1/jquery/light/breadcrumb-demo.html]
[byrushan.com/projects/ma/1-7-1/jquery/light/other-components.html]
[byrushan.com/projects/ma/1-7-1/jquery/light/vendors/flot-orderbars/jquery.flot.orderBars.js]
[byrushan.com/projects/ma/1-7-1/jquery/light/flot-charts.html]
[byrushan.com/projects/ma/1-7-1/jquery/light/other-charts.html]
[byrushan.com/projects/ma/1-7-1/jquery/light/vendors/bower_components/jqvmap/dist/maps/jquery.vmap.europe.js]
[byrushan.com/projects/ma/1-7-1/jquery/light/vendors/bower_components/jqvmap/dist/maps/jquery.vmap.algeria.js]
[byrushan.com/projects/ma/1-7-1/jquery/light/vendors/bower_components/jqvmap/dist/maps/jquery.vmap.argentina.js]
[byrushan.com/projects/ma/1-7-1/jquery/light/vendors/bower_components/jqvmap/dist/maps/jquery.vmap.brazil.js]
[byrushan.com/projects/ma/1-7-1/jquery/light/vendors/bower_components/jqvmap/dist/maps/jquery.vmap.usa.js]
[byrushan.com/projects/ma/1-7-1/jquery/light/vendors/bower_components/jqvmap/dist/maps/jquery.vmap.canada.js]
[byrushan.com/projects/ma/1-7-1/jquery/light/vendors/bower_components/jqvmap/dist/maps/jquery.vmap.france.js]
[byrushan.com/projects/ma/1-7-1/jquery/light/vendors/bower_components/jqvmap/dist/maps/jquery.vmap.germany.js]
[byrushan.com/projects/ma/1-7-1/jquery/light/vendors/bower_components/jqvmap/dist/maps/jquery.vmap.greece.js]
[byrushan.com/projects/ma/1-7-1/jquery/light/vendors/bower_components/jqvmap/dist/maps/jquery.vmap.iran.js]
[byrushan.com/projects/ma/1-7-1/jquery/light/vendors/bower_components/jqvmap/dist/maps/jquery.vmap.iraq.js]
[byrushan.com/projects/ma/1-7-1/jquery/light/vendors/bower_components/jqvmap/dist/maps/jquery.vmap.russia.js]
[byrushan.com/projects/ma/1-7-1/jquery/light/vendors/bower_components/jqvmap/dist/maps/jquery.vmap.tunisia.js]
[byrushan.com/projects/ma/1-7-1/jquery/light/vendors/bower_components/jqvmap/dist/maps/jquery.vmap.turkey.js]
[byrushan.com/projects/ma/1-7-1/jquery/light/maps.html]
[byrushan.com/projects/ma/1-7-1/jquery/light/calendar.html]
[byrushan.com/projects/ma/1-7-1/jquery/light/media/gallery/thumbs/7.jpg]
[byrushan.com/projects/ma/1-7-1/jquery/light/media/gallery/thumbs/8.jpg]
[byrushan.com/projects/ma/1-7-1/jquery/light/media/gallery/thumbs/9.jpg]
[byrushan.com/projects/ma/1-7-1/jquery/light/media/gallery/thumbs/10.jpg]
[byrushan.com/projects/ma/1-7-1/jquery/light/media/gallery/thumbs/11.jpg]
[byrushan.com/projects/ma/1-7-1/jquery/light/media/gallery/thumbs/12.jpg]
[byrushan.com/projects/ma/1-7-1/jquery/light/media/gallery/thumbs/13.jpg]
[byrushan.com/projects/ma/1-7-1/jquery/light/media/gallery/thumbs/14.jpg]
[byrushan.com/projects/ma/1-7-1/jquery/light/media/gallery/thumbs/15.jpg]
[byrushan.com/projects/ma/1-7-1/jquery/light/media/gallery/thumbs/16.jpg]
[byrushan.com/projects/ma/1-7-1/jquery/light/media/gallery/thumbs/18.jpg]
[byrushan.com/projects/ma/1-7-1/jquery/light/media/gallery/thumbs/19.jpg]
[byrushan.com/projects/ma/1-7-1/jquery/light/media/gallery/thumbs/20.jpg]
[byrushan.com/projects/ma/1-7-1/jquery/light/media/gallery/thumbs/21.jpg]
[byrushan.com/projects/ma/1-7-1/jquery/light/media/gallery/thumbs/22.jpg]
[byrushan.com/projects/ma/1-7-1/jquery/light/media/gallery/thumbs/23.jpg]
[byrushan.com/projects/ma/1-7-1/jquery/light/photos.html]
[byrushan.com/projects/ma/1-7-1/jquery/light/media/gallery/thumbs/24.jpg]
[byrushan.com/projects/ma/1-7-1/jquery/light/media/gallery/1.jpg]
[byrushan.com/projects/ma/1-7-1/jquery/light/media/gallery/2.jpg]
[byrushan.com/projects/ma/1-7-1/jquery/light/media/gallery/3.jpg]
[byrushan.com/projects/ma/1-7-1/jquery/light/media/gallery/4.jpg]
[byrushan.com/projects/ma/1-7-1/jquery/light/media/gallery/5.jpg]
[byrushan.com/projects/ma/1-7-1/jquery/light/media/gallery/6.jpg]
[byrushan.com/projects/ma/1-7-1/jquery/light/media/gallery/7.jpg]
[byrushan.com/projects/ma/1-7-1/jquery/light/media/gallery/8.jpg]
[byrushan.com/projects/ma/1-7-1/jquery/light/media/gallery/9.jpg]
[byrushan.com/projects/ma/1-7-1/jquery/light/media/gallery/10.jpg]
[byrushan.com/projects/ma/1-7-1/jquery/light/media/gallery/11.jpg]
[byrushan.com/projects/ma/1-7-1/jquery/light/media/gallery/12.jpg]
[byrushan.com/projects/ma/1-7-1/jquery/light/media/gallery/13.jpg]
[byrushan.com/projects/ma/1-7-1/jquery/light/media/gallery/14.jpg]
[byrushan.com/projects/ma/1-7-1/jquery/light/media/gallery/15.jpg]
[byrushan.com/projects/ma/1-7-1/jquery/light/media/gallery/16.jpg]
[byrushan.com/projects/ma/1-7-1/jquery/light/media/gallery/17.jpg]
[byrushan.com/projects/ma/1-7-1/jquery/light/photo-timeline.html]
[byrushan.com/projects/ma/1-7-1/jquery/light/generic-classes.html]
[byrushan.com/projects/ma/1-7-1/jquery/light/list-view.html]
[byrushan.com/projects/ma/1-7-1/jquery/light/media/gallery/20.jpg]
[byrushan.com/projects/ma/1-7-1/jquery/light/messages.html]
[byrushan.com/projects/ma/1-7-1/jquery/light/pricing-table.html]
[byrushan.com/projects/ma/1-7-1/jquery/light/img/demo/contacts/1.jpg]
[byrushan.com/projects/ma/1-7-1/jquery/light/img/demo/contacts/2.jpg]
[byrushan.com/projects/ma/1-7-1/jquery/light/img/demo/contacts/3.jpg]
[byrushan.com/projects/ma/1-7-1/jquery/light/img/demo/contacts/4.jpg]
[byrushan.com/projects/ma/1-7-1/jquery/light/img/demo/contacts/5.jpg]
[byrushan.com/projects/ma/1-7-1/jquery/light/img/demo/contacts/6.jpg]
[byrushan.com/projects/ma/1-7-1/jquery/light/img/demo/contacts/7.jpg]
[byrushan.com/projects/ma/1-7-1/jquery/light/img/demo/contacts/8.jpg]
[byrushan.com/projects/ma/1-7-1/jquery/light/img/demo/contacts/9.jpg]
[byrushan.com/projects/ma/1-7-1/jquery/light/img/demo/contacts/10.jpg]
[byrushan.com/projects/ma/1-7-1/jquery/light/img/demo/contacts/11.jpg]
[byrushan.com/projects/ma/1-7-1/jquery/light/img/demo/contacts/12.jpg]
[byrushan.com/projects/ma/1-7-1/jquery/light/img/demo/contacts/13.jpg]
[byrushan.com/projects/ma/1-7-1/jquery/light/img/demo/contacts/14.jpg]
[byrushan.com/projects/ma/1-7-1/jquery/light/img/demo/contacts/15.jpg]
[byrushan.com/projects/ma/1-7-1/jquery/light/contacts.html]
[byrushan.com/projects/ma/1-7-1/jquery/light/img/demo/contacts/16.jpg]
[byrushan.com/projects/ma/1-7-1/jquery/light/img/headers/4.png]
[byrushan.com/projects/ma/1-7-1/jquery/light/img/demo/profile-pics/9.jpg]
[byrushan.com/projects/ma/1-7-1/jquery/light/media/gallery/thumbs/17.jpg]
[byrushan.com/projects/ma/1-7-1/jquery/light/media/gallery/18.jpg]
[byrushan.com/projects/ma/1-7-1/jquery/light/media/gallery/19.jpg]
[byrushan.com/projects/ma/1-7-1/jquery/light/media/gallery/21.jpg]
[byrushan.com/projects/ma/1-7-1/jquery/light/media/gallery/22.jpg]
[byrushan.com/projects/ma/1-7-1/jquery/light/media/gallery/23.jpg]
[byrushan.com/projects/ma/1-7-1/jquery/light/media/gallery/24.jpg]
[byrushan.com/projects/ma/1-7-1/jquery/light/wall.html]
[byrushan.com/projects/ma/1-7-1/jquery/light/img/demo/invoice-logo.png]
[byrushan.com/projects/ma/1-7-1/jquery/light/invoice.html]
[byrushan.com/projects/ma/1-7-1/jquery/light/login.html]
[byrushan.com/projects/ma/1-7-1/jquery/light/lockscreen.html]
[byrushan.com/projects/ma/1-7-1/jquery/light/404.html]
[byrushan.com/projects/ma/1-7-1/jquery/light/fonts/glyphicons-halflings-regular.svg]
[byrushan.com/projects/ma/1-7-1/jquery/light/fonts/roboto/Roboto-Light-webfont.svg]
[byrushan.com/projects/ma/1-7-1/jquery/light/fonts/roboto/Roboto-Regular-webfont.svg]
[byrushan.com/projects/ma/1-7-1/jquery/light/fonts/roboto/Roboto-Medium-webfont.svg]
[byrushan.com/projects/ma/1-7-1/jquery/light/fonts/roboto/Roboto-Bold-webfont.svg]
[byrushan.com/projects/ma/1-7-1/jquery/light/fonts/satisfy/satisfy.svg]
[byrushan.com/projects/ma/1-7-1/jquery/light/fonts/weather-icons/weather-icons.html]
[byrushan.com/projects/ma/1-7-1/jquery/light/fonts/weather-icons/weather-iconsd41d.html]
[byrushan.com/projects/ma/1-7-1/jquery/light/fonts/weather-icons/weather-icons-2.html]
[byrushan.com/projects/ma/1-7-1/jquery/light/fonts/weather-icons/weather-icons-3.html]
[byrushan.com/projects/ma/1-7-1/jquery/light/fonts/weather-icons/weather-icons-4.html]
[byrushan.com/projects/ma/1-7-1/jquery/light/vendors/bower_components/eonasdan-bootstrap-datetimepicker/build/css/bootstrap-datetimepicker.min.css]
[byrushan.com/projects/ma/1-7-1/jquery/light/profile-timeline.html]
[byrushan.com/projects/ma/1-7-1/jquery/light/profile-photos.html]
[byrushan.com/projects/ma/1-7-1/jquery/light/profile-connections.html]
[byrushan.com/projects/ma/1-7-1/jquery/light/box-shadow.html]
[byrushan.com/projects/ma/1-7-1/jquery/light/vendors/bower_components/mediaelement/build/bigplay.png]
[byrushan.com/projects/ma/1-7-1/jquery/light/vendors/bower_components/mediaelement/build/background.png]
[byrushan.com/projects/ma/1-7-1/jquery/light/vendors/bower_components/mediaelement/build/loading.gif]
[byrushan.com/projects/ma/1-7-1/jquery/light/vendors/bower_components/mediaelement/build/controls.png]
[byrushan.com/projects/ma/1-7-1/jquery/light/vendors/bower_components/mediaelement/build/jumpforward.png]
[byrushan.com/projects/ma/1-7-1/jquery/light/vendors/bower_components/mediaelement/build/mediaelementplayer.css]
[byrushan.com/projects/ma/1-7-1/jquery/light/vendors/bower_components/mediaelement/build/skipback.png]
[byrushan.com/projects/ma/1-7-1/jquery/light/vendors/bower_components/datatables.net-dt/images/sort_both.png]
[byrushan.com/projects/ma/1-7-1/jquery/light/vendors/bower_components/datatables.net-dt/images/sort_asc.png]
[byrushan.com/projects/ma/1-7-1/jquery/light/vendors/bower_components/datatables.net-dt/images/sort_desc.png]
[byrushan.com/projects/ma/1-7-1/jquery/light/vendors/bower_components/datatables.net-dt/images/sort_asc_disabled.png]
[byrushan.com/projects/ma/1-7-1/jquery/light/vendors/bower_components/datatables.net-dt/css/jquery.dataTables.min.css]
[byrushan.com/projects/ma/1-7-1/jquery/light/vendors/bower_components/bootstrap-select/dist/css/bootstrap-select.css]
[byrushan.com/projects/ma/1-7-1/jquery/light/vendors/bower_components/nouislider/distribute/nouislider.min.css]
[byrushan.com/projects/ma/1-7-1/jquery/light/vendors/bower_components/dropzone/dist/min/dropzone.min.css]
[byrushan.com/projects/ma/1-7-1/jquery/light/vendors/bower_components/datatables.net-dt/images/sort_desc_disabled.png]
[byrushan.com/projects/ma/1-7-1/jquery/light/vendors/farbtastic/wheel.png]
[byrushan.com/projects/ma/1-7-1/jquery/light/vendors/farbtastic/mask.png]
[byrushan.com/projects/ma/1-7-1/jquery/light/vendors/farbtastic/farbtastic.css]
[byrushan.com/projects/ma/1-7-1/jquery/light/vendors/farbtastic/marker.png]
[byrushan.com/projects/ma/1-7-1/jquery/light/vendors/bower_components/chosen/chosen-sprite.png]
[byrushan.com/projects/ma/1-7-1/jquery/light/vendors/bower_components/chosen/chosen.css]
[byrushan.com/projects/ma/1-7-1/jquery/light/vendors/summernote/dist/summernote.css]
[byrushan.com/projects/ma/1-7-1/jquery/light/css/demo.css]
[byrushan.com/projects/ma/1-7-1/jquery/light/vendors/bower_components/chosen/chosen-sprite@2x.png]
[byrushan.com/projects/ma/1-7-1/jquery/light/vendors/bower_components/lightgallery/dist/fonts/lgd641.eot]
[byrushan.com/projects/ma/1-7-1/jquery/light/vendors/bower_components/lightgallery/dist/fonts/lgd41d.eot]
[byrushan.com/projects/ma/1-7-1/jquery/light/vendors/bower_components/lightgallery/dist/fonts/lgd641.woff]
[byrushan.com/projects/ma/1-7-1/jquery/light/vendors/bower_components/lightgallery/dist/fonts/lgd641.ttf]
[byrushan.com/projects/ma/1-7-1/jquery/light/vendors/bower_components/lightgallery/dist/img/vimeo-play.png]
[byrushan.com/projects/ma/1-7-1/jquery/light/vendors/bower_components/lightgallery/dist/img/video-play.png]
[byrushan.com/projects/ma/1-7-1/jquery/light/vendors/bower_components/lightgallery/dist/img/youtube-play.png]
[byrushan.com/projects/ma/1-7-1/jquery/light/vendors/bower_components/lightgallery/dist/css/lightgallery.min.css]
[byrushan.com/projects/ma/1-7-1/jquery/light/media/big_buck_bunny.html]
[byrushan.com/projects/ma/1-7-1/jquery/light/media/big_buck_bunny-2.html]
[byrushan.com/projects/ma/1-7-1/jquery/light/breadcrumb-demo.html]
[byrushan.com/projects/ma/1-7-1/jquery/light/vendors/bower_components/mediaelement/build/bigplay.svg]
[byrushan.com/projects/ma/1-7-1/jquery/light/vendors/bower_components/mediaelement/build/controls.svg]
[byrushan.com/projects/ma/1-7-1/jquery/light/vendors/bower_components/lightgallery/dist/fonts/lgd641.svg]
[byrushan.com/projects/ma/1-7-1/jquery/light/vendors/bower_components/lightgallery/dist/img/loading.gif]
